// Jest Snapshot v1, https://goo.gl/fbAQLP

exports[`output component renders output 1`] = `
<DocumentFragment>
  <figure>
    <span>
      yo
    </span>
  </figure>
</DocumentFragment>
`;
